// Jest Snapshot v1, https://goo.gl/fbAQLP

exports[`Checks if there is any change in the file appearance when it renders 1`] = `
<div
  className="sb-whole"
>
  <div
    className="sb-bigText"
  >
    Martin 75th Anniversary of Grand Ole Opry, #223 of #650 owned by Brother Oswald from Roy Acuff Band
  </div>
  <div
    className="sb-smallText sb-green sb-dashBottomBorder"
  >
    mint
  </div>
  <div
    className="sb-bigSpace"
  >
    <div
      className="sb-smallText"
    >
      Shipping fee: 
      79
    </div>
    <div
      className="sb-lineThroughText"
    >
      $
      3499
    </div>
    <div
      className="sb-bold sb-bigText"
    >
      $
      3299
    </div>
    <div
      className="sb-smallText sb-grey"
    >
      +Shipping
    </div>
  </div>
  <button
    className="sb-bigButton"
  >
    Add to Cart
  </button>
  <div>
    <button
      className="sb-smallButton"
    >
      Make an Offer
    </button>
    <button
      className="sb-smallButton sb-floatRight"
      id="watchButton"
      onClick={[Function]}
    >
      ☆ Watch
    </button>
  </div>
  <div
    className="sb-smallText sb-goldenrod sb-dialogBubble"
  >
    This seller is open to offers
  </div>
  <div
    className="sb-greyBottomBorder"
  >
    <div
      className="sb-bigSpace sb-floatLeft"
    >
      <img
        alt=""
        src="test-file-stub"
      />
    </div>
    <div
      className="sb-bigSpace"
    >
      <div
        className="sb-smallText sb-bold"
      >
        Still Shipping Quickly
      </div>
      <div
        className="sb-smallText sb-grey"
      >
        This seller is shipping orders within 24 hours, on average.
        <br />
        <br />
      </div>
    </div>
  </div>
  <div
    className="sb-greyBottomBorder"
  >
    <div
      className="sb-bigSpace sb-floatLeft"
    >
      <img
        alt=""
        src="test-file-stub"
      />
    </div>
    <div
      className="sb-bigSpace"
    >
      <div
        className="sb-smallText sb-bold"
      >
        Buy With Confidence
      </div>
      <div
        className="sb-smallText sb-grey"
      >
        Reverb Protection has you covered. We provide a safe community for finding the gear you want
      </div>
    </div>
  </div>
  <section
    className="sb-smallText"
  >
    <div
      className="sb-bigSpace sb-grey sb-half sb-floatLeft"
    >
      Shipped From
      <div
        className="sb-bold sb-black"
      >
        Average Joe's Guitars
      </div>
      <div>
        Beaufort, NC, United States
      </div>
      <div
        className="sb-orange"
      >
        ★★★★☆
      </div>
      <div>
        <div>
          Joined Reverb
        </div>
        <div>
          2016
        </div>
      </div>
    </div>
    <div
      className="sb-extraSpace sb-blue"
    >
      <img
        alt=""
        src="test-file-stub"
      />
    </div>
  </section>
  <div>
    <button
      className="sb-smallButton sb-smallText"
    >
      Message Seller
    </button>
    <button
      className="sb-smallButton sb-smallText sb-floatRight"
    >
      Payment and Returns
    </button>
  </div>
</div>
`;
